// Jest Snapshot v1, https://goo.gl/fbAQLP

exports[`svgReactTransformerWriter options passed to toComponentModule 1`] = `
"
    'use strict';
    const React = require('react');
    const PropTypes = require('prop-types');

    class Apple extends React.PureComponent {
      render() { return <svg viewBox=\\"0 0 18 18\\" {...this.props}><path d=\\"M3.4 9.2c.1-1.1.4-2.3 1.5-3.2.9-.7 1.8-.8 2.9-.5 1.4.5 1 .5 2.4 0 1.5-.6 3 0 3.7.8.1.2.2.3 0 .4-1.8 1.3-1.6 3.9.3 5 .2.1.3.2.2.4-.4 1-1 1.9-1.7 2.7-.5.5-1.1.7-1.8.4-.1 0-.3-.1-.4-.1-.9-.1-1.7-.1-2.5.2-.3.1-.5.2-.8.3-.4.1-.8-.1-1.1-.4-.7-.5-1.1-1.2-1.5-1.9-.7-1.1-1.2-2.7-1.2-4.1\\"/><path d=\\"M11.6 2.5c0 1.2-1 2.4-2 2.7-.6.1-.8 0-.7-.6.2-1.2 1.2-2.2 2.5-2.5.2 0 .2 0 .2.2v.2\\"/></svg>; }
    }
    
Apple.propTypes = { name: 'PropTypes.string.isRequired' }

Apple.defaultProps = { name: 'foo' }

    module.exports = Apple;
  "
`;
